  #ts device  qtime stime
 {10} sda      22.7   0.6
 {10} sdb       0.8   0.6
 {10} dm-0      2.6   0.7
 {10} dm-1     21.1   0.4
