  #ts device    rd_s rd_avkb rd_mb_s rd_mrg rd_cnc   rd_rt    wr_s wr_avkb wr_mb_s wr_mrg wr_cnc   wr_rt busy in_prg
  1.0 {30}    2812.0    32.0    43.9     1%    0.0     0.4    92.7    61.1     2.8    67%    0.0     0.3   3%      0
  2.0 {30}    3160.1    31.9    49.3     1%    0.0     0.4   327.5    62.2     9.9    36%    0.0     0.3   3%      2
  3.0 {30}    2593.4    32.0    40.5     1%    0.0     0.4   102.6    50.5     2.5    62%    0.0     0.3   3%      2
  4.1 {30}    2859.4    32.0    44.7     1%    0.0     0.3   147.8    61.0     4.4    57%    0.0     0.3   3%      0
  5.1 {30}    2516.2    32.0    39.3     1%    0.0     0.3   317.5    68.8    10.7    36%    0.0     0.4   2%      0
