  #ts device  qtime stime
  1.0 {4}      11.9   0.3
  2.0 {4}       0.0   0.0
  3.5 {4}       0.0   0.0
  4.5 {4}       0.5   0.5
  6.2 {4}       0.8   0.3
  7.4 {4}       0.2   0.2
  8.4 {4}      25.1   0.6
  9.4 {4}       0.0   0.0
