  #ts device    rd_s rd_avkb rd_mb_s rd_mrg rd_cnc   rd_rt    wr_s wr_avkb wr_mb_s wr_mrg wr_cnc   wr_rt busy in_prg
  1.0 {41}       0.0     0.0     0.0     0%    0.0     0.0  7789.4    31.8   120.8     0%    0.1     0.4   7%      3
  2.0 {41}       0.0     0.0     0.0     0%    0.0     0.0  8473.2    31.7   131.2     0%    0.1     0.3   7%      0
  3.0 {41}    8272.4    31.8   128.6     1%    0.0     0.2  4179.1    31.7    64.8     0%    0.0     0.3   7%      3
  4.0 {41}   17777.7    31.9   277.1     1%    0.1     0.1    43.9     5.5     0.1    51%    0.0     0.0   6%      2
  5.0 {41}   18300.9    31.9   285.2     1%    0.1     0.1    52.8     5.9     0.2    55%    0.0     0.0   6%      3
  6.0 {41}   17281.0    31.9   269.3     1%    0.1     0.1     0.0     0.0     0.0     0%    0.0     0.0   6%      3
  7.0 {41}   17603.8    31.9   274.3     1%    0.1     0.1     0.0     0.0     0.0     0%    0.0     0.0   6%      3
  8.0 {41}   17619.4    31.9   274.5     1%    0.1     0.1     7.0    10.3     0.0    22%    0.0     0.0   6%      2
  9.0 {41}   17839.1    31.9   278.0     1%    0.1     0.1    33.9     4.7     0.1    43%    0.0     0.0   6%      3
 10.0 {41}   17781.0    31.9   277.1     1%    0.1     0.1    14.0     5.7     0.0    53%    0.0     0.0   6%      0
 11.0 {41}   18684.1    31.9   291.1     1%    0.1     0.1     0.0     0.0     0.0     0%    0.0     0.0   6%      1
 12.0 {41}   18831.8    31.9   293.4     1%    0.1     0.1     0.0     0.0     0.0     0%    0.0     0.0   6%      1
 13.0 {41}   18754.0    31.9   292.3     1%    0.1     0.1     7.0    10.3     0.0    22%    0.0     0.0   6%      2
 14.0 {41}   18092.7    31.9   281.9     1%    0.1     0.1    41.9     5.7     0.1    42%    0.0     0.1   6%      3
 15.0 {41}   18401.6    31.9   286.8     1%    0.1     0.1     0.0     0.0     0.0     0%    0.0     0.0   6%      2
 16.0 {41}   18064.0    31.9   281.5     1%    0.1     0.1     0.0     0.0     0.0     0%    0.0     0.0   6%      3
 17.1 {41}   16559.3    31.9   258.1     1%    0.1     0.2     0.0     0.0     0.0     0%    0.0     0.0   6%      1
 18.1 {41}   16931.6    31.9   263.8     1%    0.1     0.2    60.8     5.9     0.2    55%    0.0     0.0   6%      2
 19.1 {41}   18161.7    31.9   283.0     1%    0.1     0.1    53.8     5.0     0.1    36%    0.0     0.0   6%      3
 20.1 {41}   18438.4    31.9   287.4     1%    0.1     0.1     0.0     0.0     0.0     0%    0.0     0.0   6%      3
 21.1 {41}   17784.3    31.9   277.1     1%    0.1     0.1     0.0     0.0     0.0     0%    0.0     0.0   6%      0
 22.1 {41}   17303.6    31.9   269.6     1%    0.1     0.2     0.0     0.0     0.0     0%    0.0     0.0   6%      3
 23.1 {41}   18677.5    31.9   291.0     1%    0.1     0.1   482.5     7.6     1.8     6%    0.0     1.7   6%      3
 24.1 {41}   18999.5    31.9   296.1     1%    0.1     0.1    46.9     5.6     0.1    42%    0.0     0.0   6%      3
 25.1 {41}    7754.9    31.9   120.9     1%    0.1     0.4     0.0     0.0     0.0     0%    0.0     0.0   7%      3
 26.1 {41}    1183.4    31.9    18.5     0%    0.1     2.5     0.0     0.0     0.0     0%    0.0     0.0   7%      3
 27.1 {41}    1235.3    31.8    19.2     1%    0.1     2.4     0.0     0.0     0.0     0%    0.0     0.0   7%      3
 28.1 {41}    1152.5    31.9    18.0     0%    0.1     2.6    78.8     3.3     0.1    20%    0.0     0.2   7%      0
 29.1 {41}    1162.4    31.9    18.1     1%    0.1     2.6    35.9     4.9     0.1    45%    0.0     0.0   7%      3
 30.1 {41}    1159.5    31.9    18.1     0%    0.1     2.6     7.0    10.3     0.0    22%    0.0     0.0   7%      2
 31.1 {41}    1168.5    31.9    18.2     0%    0.1     2.5     0.0     0.0     0.0     0%    0.0     0.0   7%      3
 32.1 {41}    1099.6    31.9    17.2     0%    0.1     2.7     0.0     0.0     0.0     0%    0.0     0.0   7%      3
 33.1 {41}    1147.6    31.8    17.8     1%    0.1     2.6     8.0     4.0     0.0    33%    0.0     1.0   7%      3
 34.1 {41}    1175.4    32.0    18.4     0%    0.1     2.5    51.8     4.6     0.1    42%    0.0     0.0   7%      3
 35.1 {41}    1160.5    32.0    18.1     0%    0.1     2.6     0.0     0.0     0.0     0%    0.0     0.0   7%      3
 36.1 {41}    1240.2    31.9    19.3     0%    0.1     2.4     7.0    10.3     0.0    22%    0.0     0.0   7%      3
 37.1 {41}    1058.8    31.8    16.5     1%    0.1     2.8     0.0     0.0     0.0     0%    0.0     0.0   7%      3
 38.1 {41}    1109.6    31.9    17.3     1%    0.1     2.7     6.0     2.7     0.0     0%    0.0     3.0   7%      0
 39.1 {41}    1225.2    31.9    19.1     1%    0.1     2.4    48.9     5.1     0.1    47%    0.0     0.0   7%      3
 40.1 {41}    1175.4    31.9    18.3     1%    0.1     2.5     0.0     0.0     0.0     0%    0.0     0.0   7%      0
 41.1 {41}     865.5    32.0    13.5     0%    0.1     2.7     2.0     8.0     0.0    50%    0.0     0.0   7%      7
 42.1 {41}     959.1    31.9    15.0     0%    0.1     3.7     5.0    11.2     0.0     0%    0.0   147.6   7%      3
 43.1 {41}    1062.8    31.9    16.5     1%    0.1     2.8   139.6     3.4     0.2    22%    0.0     0.0   7%      3
 44.1 {41}    1079.7    32.0    16.9     0%    0.1     2.7    53.8     4.7     0.1    44%    0.0     0.0   7%      3
 45.1 {41}    1099.6    31.9    17.2     0%    0.1     2.7     0.0     0.0     0.0     0%    0.0     0.0   7%      3
 46.1 {41}    1126.7    31.9    17.6     0%    0.1     2.6     0.0     0.0     0.0     0%    0.0     0.0   7%      3
 47.1 {41}    1033.8    31.9    16.1     0%    0.1     2.9     7.0    10.3     0.0    22%    0.0     0.0   7%      3
 48.1 {41}    1049.8    31.8    16.3     1%    0.1     2.9     0.0     0.0     0.0     0%    0.0     0.0   7%      3
 49.1 {41}    1080.8    31.7    16.7     2%    0.1     2.8    83.7     5.3     0.2    50%    0.0     0.0   7%      3
 50.2 {41}    1067.7    32.0    16.7     0%    0.1     2.8     0.0     0.0     0.0     0%    0.0     0.0   7%      3
 51.2 {41}    1183.4    31.9    18.5     0%    0.1     2.5     0.0     0.0     0.0     0%    0.0     0.0   7%      3
 52.2 {41}    1109.7    32.0    17.3     0%    0.1     2.7     7.0    10.3     0.0    22%    0.0     0.0   7%      3
 53.2 {41}    1116.6    31.9    17.4     1%    0.1     2.7     0.0     0.0     0.0     0%    0.0     0.0   7%      3
 54.2 {41}    1111.7    31.9    17.3     0%    0.1     2.7    93.7     5.3     0.2    49%    0.0     0.0   7%      3
 55.2 {41}    1125.6    31.9    17.5     1%    0.1     2.7     0.0     0.0     0.0     0%    0.0     0.0   7%      3
 56.2 {41}    1050.8    31.9    16.4     1%    0.1     2.8     0.0     0.0     0.0     0%    0.0     0.0   7%      3
 57.2 {41}    1134.7    31.7    17.6     2%    0.1     2.7     0.0     0.0     0.0     0%    0.0     0.0   7%      3
 58.2 {41}    1143.4    31.9    17.8     1%    0.1     2.6    13.0     6.8     0.0    13%    0.0     1.8   7%      3
 59.2 {41}    1170.5    31.9    18.2     1%    0.1     2.5   104.7     5.0     0.3    46%    0.0     0.0   7%      3
 60.2 {41}    1124.6    32.0    17.6     0%    0.1     2.7     0.0     0.0     0.0     0%    0.0     0.0   7%      3
 61.2 {41}    1127.6    31.8    17.5     1%    0.1     2.7     0.0     0.0     0.0     0%    0.0     0.0   7%      3
 62.2 {41}    1064.7    32.0    16.6     0%    0.1     2.8     0.0     0.0     0.0     0%    0.0     0.0   7%      3
 63.2 {41}    1132.7    31.9    17.7     0%    0.1     2.6    13.0     3.1     0.0    13%    0.0     0.5   7%      3
 64.2 {41}    1114.6    31.9    17.4     0%    0.1     2.7    56.8     5.8     0.2    46%    0.0     0.0   7%      3
 65.2 {41}    1141.5    31.9    17.8     0%    0.1     2.6     0.0     0.0     0.0     0%    0.0     0.0   7%      3
 66.2 {41}    1113.7    31.9    17.3     1%    0.1     2.7     0.0     0.0     0.0     0%    0.0     0.0   7%      3
 67.2 {41}    1169.4    31.8    18.2     1%    0.1     2.6     0.0     0.0     0.0     0%    0.0     0.0   7%      3
 68.2 {41}    1119.6    31.9    17.4     1%    0.1     2.7     5.0     4.8     0.0    44%    0.0     4.0   7%      3
 69.2 {41}    1130.5    32.0    17.7     0%    0.1     2.6    40.9     5.7     0.1    41%    0.0     0.0   7%      3
 70.2 {41}    1160.5    32.0    18.1     0%    0.1     2.6     0.0     0.0     0.0     0%    0.0     0.0   7%      3
 71.2 {41}    1111.7    31.9    17.3     0%    0.1     2.6     0.0     0.0     0.0     0%    0.0     0.0   7%      3
 72.2 {41}    1156.4    31.8    17.9     1%    0.1     2.5     0.0     0.0     0.0     0%    0.0     0.0   7%      3
 73.2 {41}    1145.4    31.8    17.8     1%    0.1     2.6    18.9     5.5     0.1    51%    0.0     1.6   7%      3
 74.2 {41}    1098.8    31.9    17.1     1%    0.1     2.7    36.9     4.1     0.1    35%    0.0     0.0   7%      3
 75.2 {41}    1071.7    31.9    16.7     1%    0.1     2.7     7.0    10.3     0.0    22%    0.0     0.0   7%      3
 76.2 {41}    1111.6    31.9    17.3     0%    0.1     2.7     0.0     0.0     0.0     0%    0.0     0.0   7%      3
 77.2 {41}    1064.9    32.0    16.6     0%    0.1     2.8     0.0     0.0     0.0     0%    0.0     0.0   7%      3
 78.2 {41}    1001.0    31.9    15.6     0%    0.1     3.0    17.9     5.3     0.0    50%    0.0     0.7   7%      3
 79.2 {41}    1023.9    31.9    15.9     1%    0.1     2.9    38.9     4.3     0.1    38%    0.0     0.0   7%      3
 80.2 {41}    1098.7    31.9    17.1     1%    0.1     2.7     0.0     0.0     0.0     0%    0.0     0.0   7%      1
 81.2 {41}    1078.7    31.9    16.8     0%    0.1     2.7     7.0    10.3     0.0    22%    0.0     0.0   7%      3
 82.2 {41}    1064.8    32.0    16.6     0%    0.1     2.7     0.0     0.0     0.0     0%    0.0     0.0   7%      3
 83.3 {41}    1151.5    32.0    18.0     0%    0.1     2.5    18.9     5.5     0.1    51%    0.0     0.3   7%      3
 84.3 {41}    1114.6    31.9    17.4     0%    0.1     2.6    37.9     4.2     0.1    37%    0.0     0.0   7%      3
 85.3 {41}    1059.8    31.9    16.5     1%    0.1     2.8     0.0     0.0     0.0     0%    0.0     0.0   7%      3
 86.3 {41}    1072.7    31.9    16.7     0%    0.1     2.8     0.0     0.0     0.0     0%    0.0     0.0   7%      3
 87.3 {41}    1093.7    31.9    17.1     0%    0.1     2.7     7.0    10.3     0.0    22%    0.0     0.0   7%      3
 88.3 {41}    1126.6    31.9    17.6     0%    0.1     2.6    21.9     5.1     0.1    48%    0.0     1.1   7%      3
 89.3 {41}    1161.5    31.9    18.1     1%    0.1     2.6    34.9     4.3     0.1    39%    0.0     0.0   7%      3
 90.3 {41}    1140.5    31.9    17.8     1%    0.1     2.6     0.0     0.0     0.0     0%    0.0     0.0   7%      3
 91.3 {41}    1149.6    31.9    17.9     1%    0.1     2.6     0.0     0.0     0.0     0%    0.0     0.0   7%      3
 92.3 {41}    1187.3    31.8    18.5     1%    0.1     2.5     7.0    10.3     0.0    22%    0.0     0.0   7%      3
 93.3 {41}    1009.0    31.9    15.7     1%    0.1     2.9    12.0     2.7     0.0     0%    0.0     0.0   7%      3
 94.3 {41}    1193.4    31.8    18.6     1%    0.1     2.4    58.8     4.5     0.1    40%    0.0     0.0   7%      3
 95.3 {41}    1143.5    31.9    17.8     1%    0.1     2.6     0.0     0.0     0.0     0%    0.0     0.0   7%      3
 96.3 {41}    1164.4    31.9    18.1     1%    0.1     2.5     0.0     0.0     0.0     0%    0.0     0.0   7%      3
 97.3 {41}    1168.6    31.9    18.2     0%    0.1     2.5     0.0     0.0     0.0     0%    0.0     0.0   7%      3
 98.3 {41}    1139.5    31.8    17.7     1%    0.1     2.6    15.0     6.9     0.1    29%    0.0     1.6   7%      3
 99.3 {41}    1170.5    31.9    18.2     1%    0.1     2.5    53.8     4.4     0.1    40%    0.0     0.0   7%      3
100.3 {41}    1145.5    32.0    17.9     0%    0.1     2.6     0.0     0.0     0.0     0%    0.0     0.0   7%      3
101.3 {41}    1097.7    32.0    17.2     0%    0.1     2.7     0.0     0.0     0.0     0%    0.0     0.0   7%      3
102.3 {41}    1158.4    31.9    18.0     1%    0.1     2.5     0.0     0.0     0.0     0%    0.0     0.0   7%      3
103.3 {41}    1167.5    31.9    18.2     1%    0.1     2.5    12.0     8.0     0.0    33%    0.0     2.5   7%      3
104.3 {41}    1268.2    31.8    19.7     1%    0.1     2.3    52.8     5.0     0.1    46%    0.0     0.0   7%      3
105.3 {41}    1162.5    31.9    18.1     0%    0.1     2.5     0.0     0.0     0.0     0%    0.0     0.0   7%      3
106.3 {41}    1219.3    31.9    19.0     0%    0.1     2.4     0.0     0.0     0.0     0%    0.0     0.0   7%      3
107.3 {41}     709.8    31.8    11.0     1%    0.1     4.2     0.0     0.0     0.0     0%    0.0     0.0   7%      3
108.3 {41}     983.8    32.0    15.4     0%    0.1     3.0    11.0     8.0     0.0    27%    0.0     1.5   7%      3
109.3 {41}     989.0    31.7    15.3     1%    0.1     3.0   150.4     6.1     0.4    56%    0.0     0.1   7%      3
110.3 {41}     972.2    32.0    15.2     0%    0.1     3.0     0.0     0.0     0.0     0%    0.0     0.0   7%      3
111.3 {41}    1053.8    31.9    16.4     1%    0.1     2.8     0.0     0.0     0.0     0%    0.0     0.0   7%      3
112.3 {41}     972.1    32.0    15.2     0%    0.1     3.0     0.0     0.0     0.0     0%    0.0     0.0   7%      3
113.3 {41}     968.0    31.9    15.1     0%    0.1     3.0    16.9     3.3     0.0    19%    0.0     1.1   7%      3
114.3 {41}     976.1    31.9    15.2     1%    0.1     3.0    66.8     5.9     0.2    48%    0.0     0.0   7%      3
115.3 {41}    1030.9    31.9    16.1     0%    0.1     2.9     0.0     0.0     0.0     0%    0.0     0.0   7%      3
116.4 {41}    1025.9    32.0    16.0     0%    0.1     2.9     0.0     0.0     0.0     0%    0.0     0.0   7%      3
117.4 {41}    1013.8    32.0    15.8     0%    0.1     2.9     0.0     0.0     0.0     0%    0.0     0.0   7%      3
118.4 {41}    1019.0    31.9    15.9     0%    0.1     2.9     5.0     4.8     0.0    44%    0.0     4.0   7%      3
119.4 {41}     997.9    31.9    15.6     0%    0.1     2.9    91.7     5.6     0.2    52%    0.0     0.0   7%      3
120.4 {41}    1062.8    31.9    16.5     1%    0.1     2.8     7.0    10.3     0.0    22%    0.0     0.0   7%      3
121.4 {41}     988.1    31.9    15.4     1%    0.1     3.0     0.0     0.0     0.0     0%    0.0     0.0   7%      3
122.4 {41}    1048.8    31.9    16.4     0%    0.1     2.8     0.0     0.0     0.0     0%    0.0     0.0   7%      3
123.4 {41}     970.1    31.7    15.0     2%    0.1     3.1     4.0     4.0     0.0    33%    0.0     2.0   7%      0
124.4 {41}    1013.8    31.6    15.6     3%    0.1     2.9    56.8     4.4     0.1    39%    0.0     0.0   7%      3
125.4 {41}    1049.9    32.0    16.4     0%    0.1     2.8    14.0     6.9     0.0    22%    0.0     0.0   7%      3
126.4 {41}    1053.8    31.9    16.4     1%    0.1     2.8     0.0     0.0     0.0     0%    0.0     0.0   7%      3
127.4 {41}     995.0    31.7    15.4     2%    0.1     3.0     0.0     0.0     0.0     0%    0.0     0.0   7%      3
128.4 {41}    1026.8    31.9    16.0     1%    0.1     2.9    15.0     2.7     0.0     0%    0.0     1.2   7%      3
129.4 {41}    1035.9    31.9    16.1     1%    0.1     2.8    37.9     4.2     0.1    37%    0.0     0.0   7%      3
130.4 {41}    1045.8    31.9    16.3     0%    0.1     2.8     7.0    10.3     0.0    22%    0.0     0.0   7%      3
131.4 {41}    1020.9    31.9    15.9     1%    0.1     2.9     0.0     0.0     0.0     0%    0.0     0.0   7%      3
132.4 {41}    1051.8    31.9    16.4     0%    0.1     2.8    83.7     3.0     0.1    12%    0.0     0.0   7%      3
133.4 {41}     990.0    31.8    15.4     1%    0.1     3.0     0.0     0.0     0.0     0%    0.0     0.0   7%      3
134.4 {41}    1032.7    31.9    16.1     1%    0.1     2.9    33.9     4.7     0.1    43%    0.0     0.0   7%      3
135.4 {41}    1011.0    31.8    15.7     1%    0.1     2.9     7.0    10.3     0.0    22%    0.0     0.0   7%      3
136.4 {41}     957.2    32.0    15.0     0%    0.1     3.1     0.0     0.0     0.0     0%    0.0     0.0   7%      3
137.4 {41}     966.0    32.0    15.1     0%    0.1     3.0   133.6     3.6     0.2    26%    0.0     0.2   7%      3
138.4 {41}    1098.7    31.9    17.1     1%    0.1     2.6    58.8     6.1     0.2    56%    0.0     0.0   7%      3
139.4 {41}     903.3    32.0    14.1     0%    0.1     3.2    33.9     4.7     0.1    43%    0.0     0.0   7%      3
140.4 {41}     969.0    32.0    15.1     0%    0.1     3.0     0.0     0.0     0.0     0%    0.0     0.0   7%      3
141.4 {41}     997.0    31.9    15.5     1%    0.1     3.0     7.0    10.3     0.0    22%    0.0     0.0   7%      3
142.4 {41}     953.1    31.9    14.9     0%    0.1     3.1     8.0     4.0     0.0    33%    0.0     1.0   7%      3
143.4 {41}    1047.8    31.8    16.3     1%    0.1     2.8    14.0     5.7     0.0    53%    0.0     0.0   7%      3
144.4 {41}     983.0    31.9    15.3     0%    0.1     3.0    37.9     4.2     0.1    37%    0.0     0.0   7%      3
145.4 {41}    1047.9    31.9    16.3     1%    0.1     2.8     0.0     0.0     0.0     0%    0.0     0.0   7%      3
146.4 {41}     978.0    32.0    15.3     0%    0.1     3.0     7.0    10.3     0.0    22%    0.0     0.0   7%      3
147.4 {41}    1017.0    32.0    15.9     0%    0.1     2.9     4.0     4.0     0.0    33%    0.0     5.0   7%      3
148.4 {41}     998.0    31.9    15.6     0%    0.1     2.9     0.0     0.0     0.0     0%    0.0     0.0   7%      3
149.5 {41}    1111.6    31.9    17.3     0%    0.1     2.6    51.8     4.6     0.1    42%    0.0     0.0   7%      3
150.5 {41}     983.0    31.9    15.3     0%    0.1     3.0     0.0     0.0     0.0     0%    0.0     0.0   7%      3
151.5 {41}    1042.9    31.9    16.3     0%    0.1     2.8     0.0     0.0     0.0     0%    0.0     0.0   7%      3
152.5 {41}    1078.7    31.9    16.8     0%    0.1     2.7    12.0     8.0     0.0    33%    0.0     0.4   7%      3
153.5 {41}     969.0    31.9    15.1     0%    0.1     3.0     0.0     0.0     0.0     0%    0.0     0.0   7%      3
154.5 {41}     995.1    31.9    15.5     0%    0.1     2.9    47.9     5.0     0.1    47%    0.0     0.0   7%      3
155.5 {41}    1075.6    31.9    16.8     0%    0.1     2.7     0.0     0.0     0.0     0%    0.0     0.0   7%      3
156.5 {41}    1115.7    31.8    17.3     1%    0.1     2.6     0.0     0.0     0.0     0%    0.0     0.0   7%      3
157.5 {41}    1045.8    31.9    16.3     0%    0.1     2.8    35.9     4.4     0.1    14%    0.0     0.5   7%      3
158.5 {41}    1017.0    31.8    15.8     1%    0.1     2.9     0.0     0.0     0.0     0%    0.0     0.0   7%      3
159.5 {41}    1040.8    31.7    16.1     1%    0.1     2.8    33.9     4.7     0.1    43%    0.0     0.0   7%      3
160.5 {41}    1048.8    31.9    16.4     0%    0.1     2.8     0.0     0.0     0.0     0%    0.0     0.0   7%      3
161.5 {41}     943.2    31.9    14.7     1%    0.1     3.1     0.0     0.0     0.0     0%    0.0     0.0   7%      3
162.5 {41}    1039.9    31.9    16.2     0%    0.1     2.8    18.9     6.3     0.1    30%    0.0     1.3   7%      3
163.5 {41}    1013.9    32.0    15.8     0%    0.1     2.9    19.9     4.8     0.0    44%    0.0     0.0   7%      3
164.5 {41}    1078.7    31.8    16.7     1%    0.1     2.7    35.9     4.4     0.1    40%    0.0     0.0   7%      3
165.5 {41}    1028.9    32.0    16.1     0%    0.1     2.8     0.0     0.0     0.0     0%    0.0     0.0   7%      3
166.5 {41}    1134.7    31.9    17.7     1%    0.1     2.6     0.0     0.0     0.0     0%    0.0     0.0   7%      3
167.5 {41}     900.2    32.0    14.1     0%    0.1     3.3    12.0     8.0     0.0    33%    0.0     1.7   7%      3
168.5 {41}    1080.8    31.9    16.8     1%    0.1     2.7    14.0     5.7     0.0    53%    0.0     0.0   7%      3
169.5 {41}    1079.7    32.0    16.9     0%    0.1     2.7    66.8     5.6     0.2    52%    0.0     0.0   7%      3
170.5 {41}    1076.7    32.0    16.8     0%    0.1     2.7     0.0     0.0     0.0     0%    0.0     0.0   7%      3
171.5 {41}    1016.9    32.0    15.9     0%    0.1     2.9     0.0     0.0     0.0     0%    0.0     0.0   7%      3
172.5 {41}     628.1    32.0     9.8     0%    0.1     4.7    38.9     4.3     0.1    13%    0.0     1.0   7%      3
173.5 {41}     945.2    32.0    14.8     0%    0.1     3.1    38.9     5.9     0.1    55%    0.0     0.0   7%      3
174.5 {41}     888.2    31.9    13.8     0%    0.1     3.4    33.9     4.7     0.1    43%    0.0     0.0   7%      3
175.5 {41}     935.2    31.9    14.6     0%    0.1     3.2     0.0     0.0     0.0     0%    0.0     0.0   7%      3
176.5 {41}     894.2    32.0    14.0     0%    0.1     3.3     0.0     0.0     0.0     0%    0.0     0.0   7%      3
177.5 {41}     892.4    31.9    13.9     1%    0.1     3.3    23.9     5.3     0.1    20%    0.0     0.2   7%      3
178.5 {41}     915.2    32.0    14.3     0%    0.1     3.2    19.9     5.6     0.1    52%    0.0     0.0   7%      3
179.5 {41}     908.2    31.9    14.2     0%    0.1     3.2    66.8     4.7     0.2    43%    0.0     0.0   7%      3
180.5 {41}     912.3    32.0    14.3     0%    0.1     3.2     0.0     0.0     0.0     0%    0.0     0.0   7%      3
181.5 {41}     892.3    31.9    13.9     1%    0.1     3.3     0.0     0.0     0.0     0%    0.0     0.0   7%      3
182.6 {41}     909.3    31.8    14.1     1%    0.1     3.3     4.0     4.0     0.0    33%    0.0     1.0   7%      3
183.6 {41}     890.3    31.9    13.9     0%    0.1     3.3    20.9     7.2     0.1    46%    0.0     0.0   7%      3
184.6 {41}     927.2    32.0    14.5     0%    0.1     3.2    37.9     4.2     0.1    37%    0.0     0.0   7%      3
185.6 {41}     954.1    31.8    14.8     1%    0.1     3.1     0.0     0.0     0.0     0%    0.0     0.0   7%      3
186.6 {41}     924.1    32.0    14.4     0%    0.1     3.2     7.0     3.4     0.0    22%    0.0     0.0   7%      2
187.6 {41}     942.3    31.9    14.7     0%    0.1     3.2    25.9     3.7     0.0    28%    0.0     0.2   7%      3
188.6 {41}     951.1    32.0    14.9     0%    0.1     3.1     7.0    10.3     0.0    22%    0.0     0.0   7%      3
189.6 {41}     939.2    31.9    14.6     1%    0.1     3.2    84.8     5.6     0.2    52%    0.0     0.0   7%      3
190.6 {41}     929.2    31.9    14.5     0%    0.1     3.2     0.0     0.0     0.0     0%    0.0     0.0   7%      3
191.6 {41}     915.1    31.8    14.2     1%    0.1     3.3     0.0     0.0     0.0     0%    0.0     0.0   7%      3
192.6 {41}     883.4    31.9    13.7     1%    0.1     3.4    17.9     3.6     0.0    25%    0.0     0.0   7%      3
193.6 {41}     908.2    31.9    14.2     0%    0.1     3.3     0.0     0.0     0.0     0%    0.0     0.0   7%      3
194.6 {41}     944.2    31.9    14.7     0%    0.1     3.1    70.8     5.3     0.2    42%    0.0     0.0   7%      3
195.6 {41}     885.3    32.0    13.8     0%    0.1     3.3    19.9     3.2     0.0    17%    0.0     0.4   7%      3
196.6 {41}     856.4    31.9    13.3     1%    0.1     3.5     0.0     0.0     0.0     0%    0.0     0.0   7%      3
197.6 {41}     936.1    32.0    14.6     0%    0.1     3.2     6.0     2.7     0.0     0%    0.0     2.0   7%      3
198.6 {41}     876.4    32.0    13.7     0%    0.1     3.4     0.0     0.0     0.0     0%    0.0     0.0   7%      3
199.6 {41}     870.4    32.0    13.6     0%    0.1     3.4   138.6     5.0     0.3    43%    0.0     0.0   7%      3
200.6 {41}     816.5    32.0    12.8     0%    0.1     3.6    14.0     3.4     0.0    22%    0.0     0.0   7%      3
201.6 {41}     875.4    31.9    13.6     0%    0.1     3.4     0.0     0.0     0.0     0%    0.0     0.0   7%      3
202.6 {41}     861.4    32.0    13.5     0%    0.1     3.4    12.0     2.7     0.0     0%    0.0     0.0   7%      3
203.6 {41}     880.3    31.9    13.7     1%    0.1     3.3     0.0     0.0     0.0     0%    0.0     0.0   7%      3
204.6 {41}     889.3    31.9    13.8     1%    0.1     3.4    80.8     5.2     0.2    49%    0.0     0.0   7%      3
205.6 {41}     890.3    31.8    13.8     0%    0.1     3.3     7.0    10.3     0.0    22%    0.0     0.0   7%      3
206.6 {41}     904.2    31.9    14.1     1%    0.1     3.3     0.0     0.0     0.0     0%    0.0     0.0   7%      3
207.6 {41}     914.2    31.9    14.3     0%    0.1     3.2   140.6     2.9     0.2     8%    0.0     0.1   7%      3
208.6 {41}     870.3    32.0    13.6     0%    0.1     3.4     0.0     0.0     0.0     0%    0.0     0.0   7%      3
209.6 {41}     915.3    32.0    14.3     0%    0.1     3.2    94.7     5.6     0.3    53%    0.0     0.0   7%      3
210.6 {41}     910.2    31.9    14.2     1%    0.1     3.3     0.0     0.0     0.0     0%    0.0     0.0   7%      3
211.6 {41}     840.5    32.0    13.1     0%    0.1     3.6     7.0    10.3     0.0    22%    0.0     0.0   7%      3
212.6 {41}     825.5    32.0    12.9     0%    0.1     3.6     0.0     0.0     0.0     0%    0.0     0.0   7%      3
213.6 {41}     902.3    31.9    14.1     0%    0.1     3.3     0.0     0.0     0.0     0%    0.0     0.0   7%      3
214.6 {41}     867.3    32.0    13.6     0%    0.1     3.4    48.8     5.1     0.1    47%    0.0     0.0   7%      3
215.7 {41}     470.6    31.9     7.3     1%    0.0     3.2  4699.9    31.7    72.7     0%    0.0     0.3   7%      3
216.7 {41}       0.0     0.0     0.0     0%    0.0     0.0  7156.8    31.8   111.2     0%    0.1     0.4   7%      3
217.7 {41}       0.0     0.0     0.0     0%    0.0     0.0  8693.3    31.7   134.7     0%    0.1     0.3   7%      3
218.7 {41}       0.0     0.0     0.0     0%    0.0     0.0  8380.8    31.7   129.6     0%    0.1     0.3   7%      3
219.7 {41}       0.0     0.0     0.0     0%    0.0     0.0  8537.4    31.6   131.7     0%    0.1     0.3   7%      3
220.7 {41}       0.0     0.0     0.0     0%    0.0     0.0  8527.5    31.8   132.4     0%    0.1     0.3   7%      3
221.7 {41}       0.0     0.0     0.0     0%    0.0     0.0  8634.8    31.7   133.5     0%    0.1     0.3   7%      3
222.7 {41}       0.0     0.0     0.0     0%    0.0     0.0  7966.8    31.7   123.4     0%    0.1     0.4   7%      3
223.7 {41}       0.0     0.0     0.0     0%    0.0     0.0  7058.2    31.8   109.6     0%    0.1     0.4   7%      3
224.7 {41}       0.0     0.0     0.0     0%    0.0     0.0  8259.4    31.5   127.2     0%    0.1     0.4   7%      2
225.7 {41}       0.0     0.0     0.0     0%    0.0     0.0  4491.6    31.7    69.5     0%    0.1     0.7   7%      2
226.7 {41}       0.0     0.0     0.0     0%    0.0     0.0  3500.2    31.8    54.3     0%    0.1     0.8   7%      3
227.7 {41}      30.9    32.0     0.5     0%    0.1    81.8  3201.0    31.7    49.6     0%    0.1     0.9   7%      6
228.7 {41}      38.9    32.0     0.6     0%    0.1    75.8  3117.3    31.5    48.0     1%    0.1     1.0   7%      4
229.7 {41}      44.8    32.0     0.7     0%    0.1    67.7  3538.4    30.8    53.2     5%    0.1     0.8   7%      6
230.7 {41}      50.8    32.0     0.8     0%    0.1    57.8  2264.2    31.8    35.2     0%    0.1     1.3   7%      6
231.7 {41}      44.9    32.0     0.7     0%    0.1    68.1  2961.0    31.7    45.9     0%    0.1     1.0   7%      6
232.7 {41}      46.9    30.6     0.7     8%    0.1    60.7  3194.0    31.8    49.6     0%    0.1     0.9   7%      6
233.7 {41}      76.8    31.2     1.2     5%    0.1    38.5  2944.5    31.4    45.1     1%    0.1     1.0   7%      6
234.7 {41}      76.8    31.2     1.2     5%    0.1    39.8  3111.4    31.0    47.1     1%    0.1     0.9   7%      6
235.7 {41}      53.8    32.0     0.8     0%    0.1    58.5  3687.5    31.5    56.8     0%    0.1     0.8   7%      6
236.7 {41}      41.9    32.0     0.7     0%    0.1    71.1  3751.2    31.7    58.1     0%    0.1     0.8   7%      6
237.7 {41}      71.8    32.0     1.1     0%    0.1    40.9  3991.6    31.5    61.4     0%    0.1     0.7   7%      6
238.7 {41}      50.8    29.2     0.7     0%    0.1    60.7  4059.9    31.8    63.0     1%    0.1     0.7   7%      5
239.7 {41}      62.8    30.9     0.9     0%    0.1    45.7  3018.6    31.5    46.4     1%    0.1     0.9   7%      6
240.7 {41}      41.9    32.0     0.7     0%    0.1    72.6  2635.0    31.7    40.8     0%    0.1     1.2   7%      6
241.7 {41}      59.8    32.0     0.9     0%    0.1    50.7  6406.8    31.9    99.6     0%    0.1     0.5   7%      6
242.7 {41}      50.8    32.0     0.8     0%    0.1    55.9  3674.9    31.2    56.0     0%    0.1     0.7   7%      6
243.7 {41}      59.8    32.0     0.9     0%    0.1    50.5  4738.7    31.6    73.2     0%    0.1     0.7   7%      6
244.7 {41}      44.9    32.0     0.7     0%    0.1    68.3  4191.3    31.4    64.2     1%    0.1     0.7   7%      6
245.7 {41}      38.9    32.0     0.6     0%    0.1    74.2  4160.5    31.7    64.4     0%    0.1     0.7   7%      6
246.7 {41}      38.9    32.0     0.6     0%    0.1    72.0  4094.8    31.9    63.8     0%    0.1     0.7   7%      6
247.8 {41}      50.8    32.0     0.8     0%    0.1    63.6  4635.7    31.9    72.1     0%    0.1     0.6   7%      6
248.8 {41}      26.9    32.0     0.4     0%    0.1   113.6  1671.9    31.8    25.9     0%    0.1     1.9   7%      6
249.8 {41}      26.9    32.0     0.4     0%    0.0    64.0  4150.4    31.4    63.6     1%    0.1     0.6   7%      6
250.8 {41}      41.9    32.0     0.7     0%    0.1    99.1  4569.9    31.8    70.9     0%    0.1     0.8   7%      6
251.8 {41}      15.0    32.0     0.2     0%    0.1   170.2  4465.9    31.7    69.0     0%    0.1     0.7   7%      6
252.8 {41}      29.9    32.0     0.5     0%    0.1   118.9  4021.6    31.8    62.4     0%    0.1     0.7   7%      6
253.8 {41}      56.8    32.0     0.9     0%    0.1    52.0  4681.0    32.0    73.0     0%    0.1     0.6   7%      6
254.8 {41}      74.8    32.0     1.2     0%    0.1    38.6  4723.6    31.3    72.3     1%    0.1     0.6   7%      6
255.8 {41}      35.9    32.0     0.6     0%    0.1    86.6  4749.7    31.9    74.0     0%    0.1     0.6   7%      6
256.8 {41}      47.9    32.0     0.7     0%    0.1    52.2   960.1    31.8    14.9     0%    0.1     3.2   7%      6
257.8 {41}      78.8    32.0     1.2     0%    0.1    48.5   986.0    31.5    15.2     1%    0.1     2.3   7%      6
258.8 {41}     767.6    31.9    12.0     1%    0.2     8.3     0.0     0.0     0.0     0%    0.0     0.0   7%      4
259.8 {41}     929.2    31.9    14.5     0%    0.1     5.9    61.8     4.9     0.1    46%    0.0     0.0   7%      6
260.8 {41}    1377.9    32.0    21.5     0%    0.2     4.7     0.0     0.0     0.0     0%    0.0     0.0   7%      6
261.8 {41}    1251.2    31.9    19.5     1%    0.1     4.6     0.0     0.0     0.0     0%    0.0     0.0   7%      6
262.8 {41}    1259.2    31.9    19.6     0%    0.1     4.8    29.9    10.7     0.2    38%    0.0     1.5   7%      6
263.8 {41}    1462.7    31.9    22.8     1%    0.1     4.0     0.0     0.0     0.0     0%    0.0     0.0   7%      6
264.8 {41}    1462.5    31.8    22.7     1%    0.1     2.7    56.8     4.4     0.1    39%    0.0     0.0   7%      3
265.8 {41}    1906.1    31.9    29.7     0%    0.1     1.6     0.0     0.0     0.0     0%    0.0     0.0   7%      3
266.8 {41}    1368.0    31.9    21.3     1%    0.1     1.7     0.0     0.0     0.0     0%    0.0     0.0   7%      3
267.8 {41}    1260.2    31.9    19.6     1%    0.1     2.9    15.0     2.7     0.0     0%    0.0     1.2   7%      3
268.8 {41}    1942.0    31.9    30.3     0%    0.1     1.5    18.9    16.4     0.2    51%    0.0     0.2   7%      3
269.8 {41}    1828.6    31.9    28.5     0%    0.1     1.6    82.8     4.5     0.2    41%    0.0     0.0   7%      3
270.8 {41}    1621.1    31.9    25.2     1%    0.1     1.8     0.0     0.0     0.0     0%    0.0     0.0   7%      3
271.8 {41}    1906.2    31.9    29.7     0%    0.1     1.6     0.0     0.0     0.0     0%    0.0     0.0   7%      3
272.8 {41}    1813.5    31.9    28.3     0%    0.1     1.6     4.0     4.0     0.0    33%    0.0     2.0   7%      3
273.8 {41}    1923.2    31.9    30.0     1%    0.1     1.6     7.0    10.3     0.0    22%    0.0     0.0   7%      3
274.8 {41}    2060.7    31.9    32.1     1%    0.1     1.4    47.9     5.0     0.1    47%    0.0     0.0   7%      3
275.8 {41}    1562.3    31.9    24.3     1%    0.1     1.9     0.0     0.0     0.0     0%    0.0     0.0   7%      3
276.8 {41}    1861.2    31.9    29.0     0%    0.1     1.6     0.0     0.0     0.0     0%    0.0     0.0   7%      3
277.8 {41}    1974.0    31.9    30.8     1%    0.1     1.5   134.6     3.6     0.2    26%    0.0     0.2   7%      3
278.8 {41}    1882.3    31.9    29.3     0%    0.1     1.6     7.0    10.3     0.0    22%    0.0     0.0   7%      3
279.8 {41}    2174.5    31.9    33.9     1%    0.1     1.4    33.9     4.7     0.1    43%    0.0     0.0   7%      3
