  #ts device    rd_s rd_avkb rd_mb_s rd_mrg rd_cnc   rd_rt    wr_s wr_avkb wr_mb_s wr_mrg wr_cnc   wr_rt busy in_prg
  1.0 {37}       9.0     2.7     0.0     0%    0.0     0.0   995.0    15.0     7.3     6%    0.0     1.7   2%      0
  2.0 {37}       6.0     6.7     0.0     0%    0.0     3.0    46.9     4.3     0.1    37%    0.0     0.1   0%      0
  3.0 {37}      29.9     9.1     0.1     0%    0.0     3.5    57.8     3.0     0.1    12%    0.0     0.2   0%      0
  4.0 {37}       3.0     2.7     0.0     0%    0.0     1.0   113.7     4.8     0.3    44%    0.0     0.0   0%      0
  5.0 {37}      30.9     1.5     0.0    24%    0.0     5.9    79.8     3.0     0.1    11%    0.0     0.1   0%      0
  6.0 {37}       0.0     0.0     0.0     0%    0.0     0.0    20.9     7.2     0.1    32%    0.0     0.2   0%      0
  7.0 {37}      15.0    10.7     0.1     0%    0.0     6.2    36.9     3.2     0.1    18%    0.0     0.2   0%      0
  8.0 {37}       9.0     8.0     0.0     0%    0.0     3.7    39.9     4.0     0.1    33%    0.0     0.0   0%      0
  9.0 {37}       0.0     0.0     0.0     0%    0.0     0.0    73.8     3.9     0.1    31%    0.0     0.1   0%      0
 10.0 {37}       3.0     2.7     0.0     0%    0.0     4.0    31.9     3.0     0.0    11%    0.0     0.1   0%      0
 11.0 {37}       0.0     0.0     0.0     0%    0.0     0.0   830.4    17.6     7.2     5%    0.0     0.2   0%      0
 12.0 {37}       0.0     0.0     0.0     0%    0.0     0.0    17.0     3.3     0.0    19%    0.0     0.2   0%      0
 13.0 {37}      35.9    14.0     0.2    25%    0.0     2.7    19.9     4.0     0.0    33%    0.0     0.3   0%      0
 14.0 {37}       9.0     2.7     0.0     0%    0.0     0.0   137.6     4.6     0.3    42%    0.0     0.1   0%      0
 15.0 {37}       0.0     0.0     0.0     0%    0.0     0.0    37.9     2.9     0.1    10%    0.0     0.0   0%      0
 16.0 {37}       9.0     8.0     0.0     0%    0.0     4.3    55.8     5.0     0.1    34%    0.0     0.1   0%      0
 17.1 {37}       6.0     6.7     0.0     0%    0.0     3.0    62.8     3.4     0.1    22%    0.0     0.1   0%      0
 18.1 {37}       3.0     2.7     0.0     0%    0.0     0.0    25.9     3.7     0.0    28%    0.0     0.2   0%      0
 19.1 {37}      12.0     8.7     0.1     0%    0.0     4.0    97.7     3.8     0.2    29%    0.0     0.1   0%      0
 20.1 {37}       0.0     0.0     0.0     0%    0.0     0.0    22.9     3.1     0.0    15%    0.0     0.1   0%      0
 21.1 {37}       0.0     0.0     0.0     0%    0.0     0.0   769.6    19.1     7.2     6%    0.0     0.3   0%      0
 22.1 {37}       0.0     0.0     0.0     0%    0.0     0.0    35.9     3.1     0.1    14%    0.0     0.2   0%      0
 23.1 {37}       3.0     2.7     0.0     0%    0.0     0.0    65.8     3.2     0.1    15%    0.0     0.0   0%      0
 24.1 {37}       3.0     2.7     0.0     0%    0.0     0.0    98.7     4.8     0.2    44%    0.0     0.0   0%      0
 25.1 {37}       9.0     2.7     0.0     0%    0.0     1.0    62.8     2.9     0.1     9%    0.0     0.3   0%      0
 26.1 {37}       0.0     0.0     0.0     0%    0.0     0.0    85.7     4.9     0.2    38%    0.0     0.1   0%      0
 27.1 {37}       6.0     6.7     0.0     0%    0.0     5.5    55.8     3.1     0.1    15%    0.0     0.2   0%      0
 28.1 {37}       9.0     2.7     0.0     0%    0.0     0.3    76.7     3.0     0.1    11%    0.0     0.1   0%      0
 29.1 {37}       3.0     2.7     0.0     0%    0.0     0.0    62.8     4.7     0.1    43%    0.0     0.0   0%      0
 30.1 {37}      20.9    10.7     0.1     0%    0.0     5.6    16.9     3.3     0.0    19%    0.0     0.2   0%      0
 31.1 {37}       0.0     0.0     0.0     0%    0.0     0.0   897.3    16.5     7.2     8%    0.0     0.2   0%      0
 32.1 {37}       0.0     0.0     0.0     0%    0.0     0.0    14.0     3.4     0.0    22%    0.0     0.2   0%      0
 33.1 {37}      41.9     9.5     0.2     0%    0.0     4.4    62.8     3.9     0.1    32%    0.0     0.1   1%      0
 34.1 {37}       6.0     5.3     0.0     0%    0.0     5.5    82.8     5.1     0.2    48%    0.0     0.0   0%      0
 35.1 {37}       6.0     6.7     0.0     0%    0.0     1.5    36.9     3.2     0.1    18%    0.0     0.2   0%      0
 36.1 {37}       0.0     0.0     0.0     0%    0.0     0.0    82.7     4.7     0.2    36%    0.0     0.7   0%      0
 37.1 {37}      29.9     8.0     0.1     0%    0.0     2.9    72.8     3.0     0.1    10%    0.0     0.1   0%      0
 38.1 {37}       0.0     0.0     0.0     0%    0.0     0.0    26.9     3.3     0.0    18%    0.0     0.2   0%      0
 39.1 {37}      17.9     8.0     0.1     0%    0.0     4.7   104.7     4.2     0.2    36%    0.0     0.1   0%      0
 40.1 {37}       9.0     8.0     0.0     0%    0.0     4.0    45.9     3.1     0.1    15%    0.0     0.1   0%      0
 41.1 {37}       0.0     0.0     0.0     0%    0.0     0.0   796.5    16.3     6.4     7%    0.0     0.2   0%      0
 42.1 {37}       6.0     2.7     0.0     0%    0.0     2.0    60.8     3.0     0.1    12%    0.0     0.1   0%      0
 43.1 {37}       9.0     8.0     0.0     0%    0.0     3.0    42.9     3.2     0.1    16%    0.0     0.1   0%      0
 44.1 {37}       6.0    10.7     0.0     0%    0.0     6.0    96.7     4.0     0.2    34%    0.0     0.0   0%      0
 45.1 {37}       3.0     2.7     0.0     0%    0.0     0.0    55.8     3.1     0.1    15%    0.0     0.1   0%      0
 46.1 {37}       3.0     2.7     0.0     0%    0.0     0.0   166.5     3.8     0.3    22%    0.0     0.3   0%      0
 47.1 {37}       3.0     2.7     0.0     0%    0.0     1.0    41.9     3.0     0.1    12%    0.0     0.1   0%      0
 48.1 {37}       6.0     2.7     0.0     0%    0.0     0.0    45.9     3.1     0.1    15%    0.0     0.2   0%      0
 49.2 {37}      15.0    10.7     0.1     0%    0.0     4.8    48.9     4.4     0.1    40%    0.0     0.0   0%      0
 50.2 {37}       9.0    10.7     0.0     0%    0.0     5.7     0.0     0.0     0.0     0%    0.0     0.0   0%      0
 51.2 {37}       0.0     0.0     0.0     0%    0.0     0.0   673.0    17.2     5.7     8%    0.0     0.3   0%      0
 52.2 {37}       6.0     2.7     0.0     0%    0.0     0.5    55.8     2.9     0.1     7%    0.0     0.1   0%      0
 53.2 {37}      26.9     7.1     0.1     0%    0.0     5.4    57.8     3.3     0.1    19%    0.0     0.1   0%      0
 54.2 {37}       3.0     2.7     0.0     0%    0.0     0.0    89.7     5.0     0.2    46%    0.0     0.1   0%      0
 55.2 {37}      15.0     9.1     0.1     0%    0.0     4.2    51.8     3.7     0.1    28%    0.0     0.1   0%      0
 56.2 {37}      26.9     9.8     0.1     0%    0.0     4.6    79.8     4.0     0.2    18%    0.0     0.4   0%      0
 57.2 {37}      15.0     7.5     0.1     0%    0.0     4.2   106.7     3.5     0.2    24%    0.0     0.1   0%      0
 58.2 {37}       9.0     2.7     0.0     0%    0.0     0.0    99.7     3.2     0.2    17%    0.0     0.1   0%      0
 59.2 {37}       3.0     2.7     0.0     0%    0.0     1.0   101.7     3.8     0.2    29%    0.0     0.0   0%      0
 60.2 {37}       6.0     2.7     0.0     0%    0.0     1.5    95.7     3.0     0.1    11%    0.0     0.1   0%      0
 61.2 {37}      26.9     7.1     0.1     0%    0.0     6.3   920.2    16.4     7.4     8%    0.0     0.3   1%      0
 62.2 {37}       9.0     8.0     0.0     0%    0.0     4.0    83.7     3.8     0.2    30%    0.0     0.1   0%      0
 63.2 {37}       3.0    10.7     0.0     0%    0.0     5.0    30.9     2.8     0.0     6%    0.0     0.1   0%      0
 64.2 {37}       3.0     2.7     0.0     0%    0.0     0.0   114.6     4.4     0.2    39%    0.0     0.1   0%      0
 65.2 {37}       9.0     2.7     0.0     0%    0.0     0.0    99.7     2.9     0.1     7%    0.0     0.2   0%      0
 66.2 {37}       0.0     0.0     0.0     0%    0.0     0.0     7.0    17.1     0.1    63%    0.0     1.6   0%      0
 67.2 {37}       3.0     2.7     0.0     0%    0.0     1.0   123.6     4.3     0.3    37%    0.0     0.1   0%      0
 68.2 {37}       6.0     2.7     0.0     0%    0.0     0.0   114.7     2.9     0.2     7%    0.0     0.0   0%      0
 69.2 {37}       3.0     2.7     0.0     0%    0.0     1.0    76.7     4.1     0.2    34%    0.0     0.0   0%      0
 70.2 {37}       3.0     2.7     0.0     0%    0.0     0.0    42.9     2.8     0.1     4%    0.0     0.1   0%      0
 71.2 {37}      17.9     8.0     0.1     0%    0.0     7.3   843.6    18.7     7.7     7%    0.0     0.2   0%      0
 72.2 {37}      17.9     9.3     0.1     0%    0.0     5.2    72.7     3.8     0.1    30%    0.0     0.0   0%      0
 73.2 {37}       6.0     2.7     0.0     0%    0.0     2.0    74.8     3.7     0.1    29%    0.0     0.1   0%      0
 74.2 {37}       3.0    10.7     0.0     0%    0.0     7.0    84.7     4.8     0.2    44%    0.0     0.0   0%      0
 75.2 {37}       3.0     2.7     0.0     0%    0.0     0.0    26.9     3.3     0.0    18%    0.0     0.2   0%      0
 76.2 {37}       6.0     6.7     0.0     0%    0.0     3.5   132.6     3.7     0.2    20%    0.0     0.1   0%      0
 77.2 {37}       3.0    10.7     0.0     0%    0.0     6.0    83.8     4.4     0.2    39%    0.0     0.0   0%      0
 78.2 {37}       0.0     0.0     0.0     0%    0.0     0.0    18.9     2.9     0.0    10%    0.0     0.1   0%      0
 79.2 {37}       0.0     0.0     0.0     0%    0.0     0.0   135.6     6.7     0.4    60%    0.0     0.6   0%      0
 80.2 {37}       3.0     2.7     0.0     0%    0.0     0.0    44.9     3.0     0.1    12%    0.0     0.2   0%      0
 81.2 {37}       0.0     0.0     0.0     0%    0.0     0.0  1065.8    14.5     7.5     8%    0.0     0.3   0%      0
 82.3 {37}       0.0     0.0     0.0     0%    0.0     0.0    38.9     4.3     0.1    38%    0.0     0.2   0%      0
 83.3 {37}       3.0     2.7     0.0     0%    0.0     0.0     7.0     3.4     0.0    22%    0.0     0.6   0%      0
 84.3 {37}       0.0     0.0     0.0     0%    0.0     0.0    77.8     4.9     0.2    46%    0.0     0.0   0%      0
 85.3 {37}      15.0     4.3     0.0     0%    0.0     1.2   102.7     3.0     0.2    12%    0.0     0.1   0%      0
 86.3 {37}       0.0     0.0     0.0     0%    0.0     0.0    35.9     5.3     0.1    28%    0.0     0.4   0%      0
 87.3 {37}       3.0    10.7     0.0     0%    0.0     7.0     6.0     2.7     0.0     0%    0.0     0.0   0%      0
 88.3 {37}      12.0     2.7     0.0     0%    0.0     2.2    94.7     3.1     0.1    14%    0.0     0.1   0%      0
 89.3 {37}       3.0     2.7     0.0     0%    0.0     0.0   114.7     3.7     0.2    28%    0.0     0.1   0%      0
 90.3 {37}       0.0     0.0     0.0     0%    0.0     0.0    31.9     4.5     0.1    41%    0.0     0.1   0%      0
 91.3 {37}       6.0     2.7     0.0     0%    0.0     0.5   775.5    18.9     7.2     6%    0.0     0.3   0%      0
 92.3 {37}       6.0     2.7     0.0     0%    0.0     0.0    71.7     3.1     0.1    14%    0.0     0.0   0%      0
 93.3 {37}       0.0     0.0     0.0     0%    0.0     0.0    37.9     2.9     0.1    10%    0.0     0.1   0%      0
 94.3 {37}       9.0     5.3     0.0     0%    0.0     1.3   135.6     4.4     0.3    39%    0.0     0.0   0%      0
 95.3 {37}       3.0     2.7     0.0     0%    0.0     1.0    66.8     3.0     0.1     8%    0.0     0.0   0%      1
 96.3 {37}       3.0     2.7     0.0     0%    0.0     0.0   109.6     4.8     0.3    37%    0.0     0.1   0%      0
 97.3 {37}       9.0     2.7     0.0     0%    0.0     0.0    64.8     3.8     0.1    30%    0.0     0.1   0%      0
 98.3 {37}      35.9     2.7     0.0     0%    0.0     0.3   373.8     3.0     0.5    11%    0.0     0.1   0%      0
 99.3 {37}      12.0     6.7     0.0     0%    0.0     3.0   105.7     3.6     0.2    26%    0.0     0.1   0%      0
100.3 {37}       9.0     2.7     0.0     0%    0.0     0.0    37.9     3.4     0.1    21%    0.0     0.0   0%      0
101.3 {37}       0.0     0.0     0.0     0%    0.0     0.0   789.5    19.1     7.4    13%    0.0     0.2   0%      0
